// Jest Snapshot v1, https://goo.gl/fbAQLP

exports[`matches the box snapshot 1`] = `
<DocumentFragment>
  <div
    class="Box-container"
  >
    <div
      class="Box"
      data-testid="#000000"
      style="height: 100px; width: 100px; background-color: rgb(0, 0, 0);"
    />
    <button
      class=".Box-delete"
      id="1"
    >
      X
    </button>
  </div>
</DocumentFragment>
`;
